2026-09-06 20:11:27,814 | WARNING  | routing | Puntos de demanda (17712) > 50: aplicando muestreo ESTRATIFICADO POR DISTRITO, ponderado por población (real -censo 1999- donde está disponible; proxy ordinal por CATEGORIA en el resto). Procedimiento: fracción global = max_points/total; dentro de cada distrito se muestrea esa fracción del grupo con probabilidad proporcional al peso poblacional; si el redondeo global excede max_points, se recorta con un muestreo final ponderado.
2026-09-06 20:12:07,316 | WARNING  | routing | Puntos de demanda (17712) > 50: aplicando muestreo ESTRATIFICADO POR DISTRITO, ponderado por población (real -censo 1999- donde está disponible; proxy ordinal por CATEGORIA en el resto). Procedimiento: fracción global = max_points/total; dentro de cada distrito se muestrea esa fracción del grupo con probabilidad proporcional al peso poblacional; si el redondeo global excede max_points, se recorta con un muestreo final ponderado.
2026-09-06 20:12:07,797 | WARNING  | routing | Muestreo ponderado en el recorte final no es numéricamente viable; se usa muestreo uniforme.
2026-09-06 20:12:07,802 | INFO     | routing | Muestreo estratificado completado: 50/17712 puntos de demanda seleccionados (0.3%).
2026-09-06 20:12:11,829 | INFO     | routing | OSRM no disponible en http://localhost:5000 (HTTPConnectionPool(host='localhost', port=5000): Max retries exceeded with url: /nearest/v1/driving/-77.03,-12.05 (Caused by ConnectTimeoutError(<HTTPConnection(host='localhost', port=5000) at 0x14ec0b6da90>, 'Connection to localhost timed out. (connect timeout=2)'))).
2026-09-06 20:12:11,847 | INFO     | routing | Descargando grafo 'ICA_drive' (network_type=drive, bbox=(np.float64(-75.89976), np.float64(-14.17478333), np.float64(-75.64548), np.float64(-13.97525167))) desde OSM/Overpass...
2026-09-06 20:12:22,603 | INFO     | routing | Grafo 'ICA_drive' descargado en 10.7s: 13178 nodos, 37278 aristas
2026-09-06 20:13:49,838 | WARNING  | routing | Puntos de demanda (17712) > 50: aplicando muestreo ESTRATIFICADO POR DISTRITO, ponderado por población (real -censo 1999- donde está disponible; proxy ordinal por CATEGORIA en el resto). Procedimiento: fracción global = max_points/total; dentro de cada distrito se muestrea esa fracción del grupo con probabilidad proporcional al peso poblacional; si el redondeo global excede max_points, se recorta con un muestreo final ponderado.
2026-09-06 20:13:50,327 | WARNING  | routing | Muestreo ponderado en el recorte final no es numéricamente viable; se usa muestreo uniforme.
2026-09-06 20:13:50,332 | INFO     | routing | Muestreo estratificado completado: 50/17712 puntos de demanda seleccionados (0.3%).
2026-09-06 20:13:54,357 | INFO     | routing | OSRM no disponible en http://localhost:5000 (HTTPConnectionPool(host='localhost', port=5000): Max retries exceeded with url: /nearest/v1/driving/-77.03,-12.05 (Caused by ConnectTimeoutError(<HTTPConnection(host='localhost', port=5000) at 0x1d31cd8c590>, 'Connection to localhost timed out. (connect timeout=2)'))).
2026-09-06 20:13:54,367 | INFO     | routing | Grafo 'ICA_drive' cargado desde caché: C:\Users\HP\Documents\GitHub\Data-Science-Python\golden_hour\data\raw\osmnx_cache\ICA_drive.graphml
2026-09-06 20:13:56,709 | INFO     | routing | Snapping [[ICA/car]]: distancia promedio de ajuste = 0.151 km | no-snappables (> 2.0 km): 0/7
2026-09-06 20:13:56,792 | INFO     | routing | [ICA/car] progreso: 1/4 orígenes procesados (0.1s transcurridos)
2026-09-06 20:13:56,874 | INFO     | routing | [ICA/car] progreso: 2/4 orígenes procesados (0.2s transcurridos)
2026-09-06 20:13:56,961 | INFO     | routing | [ICA/car] progreso: 3/4 orígenes procesados (0.3s transcurridos)
2026-09-06 20:13:57,050 | INFO     | routing | [ICA/car] progreso: 4/4 orígenes procesados (0.3s transcurridos)
2026-09-06 20:13:57,102 | INFO     | routing | Descargando grafo 'ICA_walk' (network_type=walk, bbox=(np.float64(-75.89976), np.float64(-14.17478333), np.float64(-75.64548), np.float64(-13.97525167))) desde OSM/Overpass...
2026-09-06 20:14:09,078 | INFO     | routing | Grafo 'ICA_walk' descargado en 12.0s: 17168 nodos, 50632 aristas
2026-09-06 20:14:12,533 | INFO     | routing | Snapping [[ICA/foot]]: distancia promedio de ajuste = 0.151 km | no-snappables (> 2.0 km): 0/7
2026-09-06 20:14:12,594 | INFO     | routing | [ICA/foot] progreso: 1/4 orígenes procesados (0.1s transcurridos)
2026-09-06 20:14:12,657 | INFO     | routing | [ICA/foot] progreso: 2/4 orígenes procesados (0.1s transcurridos)
2026-09-06 20:14:12,720 | INFO     | routing | [ICA/foot] progreso: 3/4 orígenes procesados (0.2s transcurridos)
2026-09-06 20:14:12,782 | INFO     | routing | [ICA/foot] progreso: 4/4 orígenes procesados (0.2s transcurridos)
2026-09-06 20:14:12,844 | INFO     | routing | Snapping [[ICA/bike]]: distancia promedio de ajuste = 0.151 km | no-snappables (> 2.0 km): 0/7
2026-09-06 20:14:12,907 | INFO     | routing | [ICA/bike] progreso: 1/4 orígenes procesados (0.1s transcurridos)
2026-09-06 20:14:12,970 | INFO     | routing | [ICA/bike] progreso: 2/4 orígenes procesados (0.1s transcurridos)
2026-09-06 20:14:13,032 | INFO     | routing | [ICA/bike] progreso: 3/4 orígenes procesados (0.2s transcurridos)
2026-09-06 20:14:13,092 | INFO     | routing | [ICA/bike] progreso: 4/4 orígenes procesados (0.2s transcurridos)
2026-09-06 20:14:13,154 | INFO     | routing | Snapping [[ICA/urbano_foot]]: distancia promedio de ajuste = 0.030 km | no-snappables (> 2.0 km): 0/7
2026-09-06 20:14:13,215 | INFO     | routing | [ICA/urbano_foot] progreso: 1/1 orígenes procesados (0.1s transcurridos)
2026-09-06 20:14:46,088 | INFO     | routing | Snapping [[TEST/far]]: distancia promedio de ajuste = 24.761 km | no-snappables (> 2.0 km): 1/4
2026-09-06 20:14:46,088 | INFO     | routing | [TEST/far] progreso: 1/1 orígenes procesados (0.0s transcurridos)
2026-09-06 20:15:13,911 | INFO     | routing | [Fase 2] Establecimientos resolutivos: 62 / 2312 totales
2026-09-06 20:15:13,912 | WARNING  | routing | Puntos de demanda (17712) > 30: aplicando muestreo ESTRATIFICADO POR DISTRITO, ponderado por población (real -censo 1999- donde está disponible; proxy ordinal por CATEGORIA en el resto). Procedimiento: fracción global = max_points/total; dentro de cada distrito se muestrea esa fracción del grupo con probabilidad proporcional al peso poblacional; si el redondeo global excede max_points, se recorta con un muestreo final ponderado.
2026-09-06 20:15:14,387 | INFO     | routing | Muestreo estratificado completado: 30/17712 puntos de demanda seleccionados (0.2%).
2026-09-06 20:15:14,395 | INFO     | routing | [Fase 2] Puntos de demanda a rutear: 30 (urbanos: 2, 6.7%)
2026-09-06 20:15:18,480 | INFO     | routing | OSRM no disponible en http://localhost:5000 (HTTPConnectionPool(host='localhost', port=5000): Max retries exceeded with url: /nearest/v1/driving/-77.03,-12.05 (Caused by NewConnectionError("HTTPConnection(host='localhost', port=5000): Failed to establish a new connection: [WinError 10061] No se puede establecer una conexión ya que el equipo de destino denegó expresamente dicha conexión"))).
2026-09-06 20:15:18,480 | INFO     | routing | [Fase 2] Motor de ruteo para 'car': OSMnx/NetworkX (fallback automático)
2026-09-06 20:15:18,481 | INFO     | routing | [Fase 2] (1/3) Procesando departamento 'CUSCO'...
2026-09-06 20:15:18,489 | INFO     | routing | Descargando grafo 'CUSCO_drive' (network_type=drive, bbox=(np.float64(-77.12279339999999), np.float64(-15.37895602), np.float64(-70.6743713), np.float64(-11.21695345))) desde OSM/Overpass...
2026-09-06 20:17:09,109 | ERROR    | routing | Grafo 'drive' no disponible para CUSCO (No se pudo construir el grafo 'CUSCO_drive': HTTPSConnectionPool(host='overpass-api.de', port=443): Max retries exceeded with url: /api/interpreter (Caused by ConnectTimeoutError(<HTTPSConnection(host='overpass-api.de', port=443) at 0x1af4bc55a90>, 'Connection to overpass-api.de timed out. (connect timeout=180)'))); modo car cae 100% a Haversine.
2026-09-06 20:17:09,131 | INFO     | routing | Descargando grafo 'CUSCO_walk' (network_type=walk, bbox=(np.float64(-77.12279339999999), np.float64(-15.37895602), np.float64(-70.6743713), np.float64(-11.21695345))) desde OSM/Overpass...
2026-09-06 20:18:51,354 | ERROR    | routing | Grafo 'walk' no disponible para CUSCO (No se pudo construir el grafo 'CUSCO_walk': HTTPSConnectionPool(host='overpass-api.de', port=443): Max retries exceeded with url: /api/interpreter (Caused by ConnectTimeoutError(<HTTPSConnection(host='overpass-api.de', port=443) at 0x1af0b88f750>, 'Connection to overpass-api.de timed out. (connect timeout=180)'))); foot/bike caen 100% a Haversine.
2026-09-06 20:18:51,369 | INFO     | routing | [Fase 2] 'CUSCO' completado en 212.9s
2026-09-06 20:18:51,369 | INFO     | routing | [Fase 2] (2/3) Procesando departamento 'ICA'...
2026-09-06 20:18:51,376 | INFO     | routing | Grafo 'ICA_drive' cargado desde caché: C:\Users\HP\Documents\GitHub\Data-Science-Python\golden_hour\data\raw\osmnx_cache\ICA_drive.graphml
2026-09-06 20:18:53,539 | INFO     | routing | Snapping [[ICA/car]]: distancia promedio de ajuste = 37.636 km | no-snappables (> 2.0 km): 13/25
2026-09-06 20:18:53,539 | INFO     | routing | [ICA/car] progreso: 1/4 orígenes procesados (0.0s transcurridos)
2026-09-06 20:18:53,620 | INFO     | routing | [ICA/car] progreso: 2/4 orígenes procesados (0.1s transcurridos)
2026-09-06 20:18:53,704 | INFO     | routing | [ICA/car] progreso: 3/4 orígenes procesados (0.2s transcurridos)
2026-09-06 20:18:53,704 | INFO     | routing | [ICA/car] progreso: 4/4 orígenes procesados (0.2s transcurridos)
2026-09-06 20:18:53,714 | INFO     | routing | Grafo 'ICA_walk' cargado desde caché: C:\Users\HP\Documents\GitHub\Data-Science-Python\golden_hour\data\raw\osmnx_cache\ICA_walk.graphml
2026-09-06 20:18:56,038 | INFO     | routing | Snapping [[ICA/foot]]: distancia promedio de ajuste = 37.566 km | no-snappables (> 2.0 km): 13/25
2026-09-06 20:18:56,038 | INFO     | routing | [ICA/foot] progreso: 1/4 orígenes procesados (0.0s transcurridos)
2026-09-06 20:18:56,093 | INFO     | routing | [ICA/foot] progreso: 2/4 orígenes procesados (0.1s transcurridos)
2026-09-06 20:18:56,149 | INFO     | routing | [ICA/foot] progreso: 3/4 orígenes procesados (0.1s transcurridos)
2026-09-06 20:18:56,149 | INFO     | routing | [ICA/foot] progreso: 4/4 orígenes procesados (0.1s transcurridos)
2026-09-06 20:18:56,217 | INFO     | routing | Snapping [[ICA/bike]]: distancia promedio de ajuste = 37.566 km | no-snappables (> 2.0 km): 13/25
2026-09-06 20:18:56,217 | INFO     | routing | [ICA/bike] progreso: 1/4 orígenes procesados (0.0s transcurridos)
2026-09-06 20:18:56,272 | INFO     | routing | [ICA/bike] progreso: 2/4 orígenes procesados (0.1s transcurridos)
2026-09-06 20:18:56,329 | INFO     | routing | [ICA/bike] progreso: 3/4 orígenes procesados (0.1s transcurridos)
2026-09-06 20:18:56,329 | INFO     | routing | [ICA/bike] progreso: 4/4 orígenes procesados (0.1s transcurridos)
2026-09-06 20:18:56,407 | INFO     | routing | Snapping [[ICA/urbano_foot]]: distancia promedio de ajuste = 37.232 km | no-snappables (> 2.0 km): 211/410
2026-09-06 20:18:56,462 | INFO     | routing | [ICA/urbano_foot] progreso: 1/1 orígenes procesados (0.1s transcurridos)
2026-09-06 20:18:56,470 | INFO     | routing | [Fase 2] 'ICA' completado en 5.1s
2026-09-06 20:18:56,470 | INFO     | routing | [Fase 2] (3/3) Procesando departamento 'LORETO'...
2026-09-06 20:18:56,477 | INFO     | routing | Descargando grafo 'LORETO_drive' (network_type=drive, bbox=(np.float64(-77.89728345), np.float64(-12.126374), np.float64(-69.87579333000001), np.float64(-0.016384789999999996))) desde OSM/Overpass...
2026-09-06 20:20:38,823 | ERROR    | routing | Grafo 'drive' no disponible para LORETO (No se pudo construir el grafo 'LORETO_drive': HTTPSConnectionPool(host='overpass-api.de', port=443): Max retries exceeded with url: /api/interpreter (Caused by ConnectTimeoutError(<HTTPSConnection(host='overpass-api.de', port=443) at 0x1af4bc55590>, 'Connection to overpass-api.de timed out. (connect timeout=180)'))); modo car cae 100% a Haversine.
2026-09-06 20:20:38,835 | INFO     | routing | Descargando grafo 'LORETO_walk' (network_type=walk, bbox=(np.float64(-77.89728345), np.float64(-12.126374), np.float64(-69.87579333000001), np.float64(-0.016384789999999996))) desde OSM/Overpass...
2026-09-06 20:22:21,170 | ERROR    | routing | Grafo 'walk' no disponible para LORETO (No se pudo construir el grafo 'LORETO_walk': HTTPSConnectionPool(host='overpass-api.de', port=443): Max retries exceeded with url: /api/interpreter (Caused by ConnectTimeoutError(<HTTPSConnection(host='overpass-api.de', port=443) at 0x1af4bc56710>, 'Connection to overpass-api.de timed out. (connect timeout=180)'))); foot/bike caen 100% a Haversine.
2026-09-06 20:22:21,194 | INFO     | routing | [Fase 2] 'LORETO' completado en 204.7s
2026-09-06 20:22:21,219 | INFO     | routing | [Fase 2] routing_matrix.parquet exportado: C:\Users\HP\Documents\GitHub\Data-Science-Python\golden_hour\data\processed\routing_matrix.parquet (606 filas)
2026-09-06 20:22:21,239 | INFO     | routing | [Fase 2] demand_routed.parquet exportado: C:\Users\HP\Documents\GitHub\Data-Science-Python\golden_hour\data\processed\demand_routed.parquet (30 registros)
2026-09-06 20:22:21,239 | INFO     | routing | [Fase 2] Completa en 427.4s (7.1 min)
2026-09-06 20:25:23,601 | INFO     | routing | [Fase 2] Establecimientos resolutivos: 62 / 2312 totales
2026-09-06 20:25:23,601 | WARNING  | routing | Puntos de demanda (17712) > 30: aplicando muestreo ESTRATIFICADO POR DISTRITO, ponderado por población (real -censo 1999- donde está disponible; proxy ordinal por CATEGORIA en el resto). Procedimiento: fracción global = max_points/total; dentro de cada distrito se muestrea esa fracción del grupo con probabilidad proporcional al peso poblacional; si el redondeo global excede max_points, se recorta con un muestreo final ponderado.
2026-09-06 20:25:24,085 | INFO     | routing | Muestreo estratificado completado: 30/17712 puntos de demanda seleccionados (0.2%).
2026-09-06 20:25:24,099 | INFO     | routing | [Fase 2] Puntos de demanda a rutear: 30 (urbanos: 2, 6.7%)
2026-09-06 20:25:28,168 | INFO     | routing | OSRM no disponible en http://localhost:5000 (HTTPConnectionPool(host='localhost', port=5000): Max retries exceeded with url: /nearest/v1/driving/-77.03,-12.05 (Caused by NewConnectionError("HTTPConnection(host='localhost', port=5000): Failed to establish a new connection: [WinError 10061] No se puede establecer una conexión ya que el equipo de destino denegó expresamente dicha conexión"))).
2026-09-06 20:25:28,168 | INFO     | routing | [Fase 2] Motor de ruteo para 'car': OSMnx/NetworkX (fallback automático)
2026-09-06 20:25:28,169 | INFO     | routing | [Fase 2] (1/3) Procesando departamento 'CUSCO'...
2026-09-06 20:25:28,178 | ERROR    | routing | Grafo 'drive' no disponible para CUSCO (El área del bbox (26.84 grados² > umbral 5.0) es impráctica para descargar vía la API pública de Overpass (generaría cientos de sub-consultas y probablemente agotaría el tiempo de espera); este es exactamente el caso de uso para el que OSRM (extractos OSM locales, sin este límite) está documentado como motor primario. Con OSRM no disponible, se usa el fallback Haversine × detour_factor directamente para esta área.); modo car cae 100% a Haversine.
2026-09-06 20:25:28,191 | ERROR    | routing | Grafo 'walk' no disponible para CUSCO (El área del bbox (26.84 grados² > umbral 5.0) es impráctica para descargar vía la API pública de Overpass (generaría cientos de sub-consultas y probablemente agotaría el tiempo de espera); este es exactamente el caso de uso para el que OSRM (extractos OSM locales, sin este límite) está documentado como motor primario. Con OSRM no disponible, se usa el fallback Haversine × detour_factor directamente para esta área.); foot/bike caen 100% a Haversine.
2026-09-06 20:25:28,208 | INFO     | routing | [Fase 2] 'CUSCO' completado en 0.0s
2026-09-06 20:25:28,208 | INFO     | routing | [Fase 2] (2/3) Procesando departamento 'ICA'...
2026-09-06 20:25:28,215 | ERROR    | routing | Grafo 'drive' no disponible para ICA (El área del bbox (12.58 grados² > umbral 5.0) es impráctica para descargar vía la API pública de Overpass (generaría cientos de sub-consultas y probablemente agotaría el tiempo de espera); este es exactamente el caso de uso para el que OSRM (extractos OSM locales, sin este límite) está documentado como motor primario. Con OSRM no disponible, se usa el fallback Haversine × detour_factor directamente para esta área.); modo car cae 100% a Haversine.
2026-09-06 20:25:28,224 | ERROR    | routing | Grafo 'walk' no disponible para ICA (El área del bbox (12.58 grados² > umbral 5.0) es impráctica para descargar vía la API pública de Overpass (generaría cientos de sub-consultas y probablemente agotaría el tiempo de espera); este es exactamente el caso de uso para el que OSRM (extractos OSM locales, sin este límite) está documentado como motor primario. Con OSRM no disponible, se usa el fallback Haversine × detour_factor directamente para esta área.); foot/bike caen 100% a Haversine.
2026-09-06 20:25:28,245 | INFO     | routing | [Fase 2] 'ICA' completado en 0.0s
2026-09-06 20:25:28,245 | INFO     | routing | [Fase 2] (3/3) Procesando departamento 'LORETO'...
2026-09-06 20:25:28,251 | ERROR    | routing | Grafo 'drive' no disponible para LORETO (El área del bbox (97.14 grados² > umbral 5.0) es impráctica para descargar vía la API pública de Overpass (generaría cientos de sub-consultas y probablemente agotaría el tiempo de espera); este es exactamente el caso de uso para el que OSRM (extractos OSM locales, sin este límite) está documentado como motor primario. Con OSRM no disponible, se usa el fallback Haversine × detour_factor directamente para esta área.); modo car cae 100% a Haversine.
2026-09-06 20:25:28,262 | ERROR    | routing | Grafo 'walk' no disponible para LORETO (El área del bbox (97.14 grados² > umbral 5.0) es impráctica para descargar vía la API pública de Overpass (generaría cientos de sub-consultas y probablemente agotaría el tiempo de espera); este es exactamente el caso de uso para el que OSRM (extractos OSM locales, sin este límite) está documentado como motor primario. Con OSRM no disponible, se usa el fallback Haversine × detour_factor directamente para esta área.); foot/bike caen 100% a Haversine.
2026-09-06 20:25:28,285 | INFO     | routing | [Fase 2] 'LORETO' completado en 0.0s
2026-09-06 20:25:28,292 | INFO     | routing | [Fase 2] routing_matrix.parquet exportado: C:\Users\HP\Documents\GitHub\Data-Science-Python\golden_hour\data\processed\routing_matrix.parquet (606 filas)
2026-09-06 20:25:28,304 | INFO     | routing | [Fase 2] demand_routed.parquet exportado: C:\Users\HP\Documents\GitHub\Data-Science-Python\golden_hour\data\processed\demand_routed.parquet (30 registros)
2026-09-06 20:25:28,304 | INFO     | routing | [Fase 2] Completa en 4.8s (0.1 min)
2026-09-06 20:26:02,550 | INFO     | routing | Descargando grafo 'ICA_drive' (network_type=drive, bbox=(np.float64(-75.89976), np.float64(-14.17478333), np.float64(-75.64548), np.float64(-13.97525167)), área=0.05°²) desde OSM/Overpass...
2026-09-06 20:26:08,584 | INFO     | routing | Grafo 'ICA_drive' descargado en 6.0s: 13178 nodos, 37278 aristas
2026-09-06 20:26:11,513 | INFO     | routing | Snapping [[ICA/car]]: distancia promedio de ajuste = 0.151 km | no-snappables (> 2.0 km): 0/7
2026-09-06 20:26:11,599 | INFO     | routing | [ICA/car] progreso: 1/4 orígenes procesados (0.1s transcurridos)
2026-09-06 20:26:11,685 | INFO     | routing | [ICA/car] progreso: 2/4 orígenes procesados (0.2s transcurridos)
2026-09-06 20:26:11,772 | INFO     | routing | [ICA/car] progreso: 3/4 orígenes procesados (0.3s transcurridos)
2026-09-06 20:26:11,858 | INFO     | routing | [ICA/car] progreso: 4/4 orígenes procesados (0.3s transcurridos)
2026-09-06 20:26:11,866 | INFO     | routing | Descargando grafo 'ICA_walk' (network_type=walk, bbox=(np.float64(-75.89976), np.float64(-14.17478333), np.float64(-75.64548), np.float64(-13.97525167)), área=0.05°²) desde OSM/Overpass...
2026-09-06 20:26:20,954 | INFO     | routing | Grafo 'ICA_walk' descargado en 9.1s: 17168 nodos, 50632 aristas
2026-09-06 20:26:24,045 | INFO     | routing | Snapping [[ICA/foot]]: distancia promedio de ajuste = 0.151 km | no-snappables (> 2.0 km): 0/7
2026-09-06 20:26:24,110 | INFO     | routing | [ICA/foot] progreso: 1/4 orígenes procesados (0.1s transcurridos)
2026-09-06 20:26:24,175 | INFO     | routing | [ICA/foot] progreso: 2/4 orígenes procesados (0.1s transcurridos)
2026-09-06 20:26:24,242 | INFO     | routing | [ICA/foot] progreso: 3/4 orígenes procesados (0.2s transcurridos)
2026-09-06 20:26:24,308 | INFO     | routing | [ICA/foot] progreso: 4/4 orígenes procesados (0.3s transcurridos)
2026-09-06 20:26:24,379 | INFO     | routing | Snapping [[ICA/bike]]: distancia promedio de ajuste = 0.151 km | no-snappables (> 2.0 km): 0/7
2026-09-06 20:26:24,445 | INFO     | routing | [ICA/bike] progreso: 1/4 orígenes procesados (0.1s transcurridos)
2026-09-06 20:26:24,511 | INFO     | routing | [ICA/bike] progreso: 2/4 orígenes procesados (0.1s transcurridos)
2026-09-06 20:26:24,576 | INFO     | routing | [ICA/bike] progreso: 3/4 orígenes procesados (0.2s transcurridos)
2026-09-06 20:26:24,676 | INFO     | routing | [ICA/bike] progreso: 4/4 orígenes procesados (0.3s transcurridos)
2026-09-06 20:26:24,746 | INFO     | routing | Snapping [[ICA/urbano_foot]]: distancia promedio de ajuste = 0.030 km | no-snappables (> 2.0 km): 0/7
2026-09-06 20:26:24,810 | INFO     | routing | [ICA/urbano_foot] progreso: 1/1 orígenes procesados (0.1s transcurridos)
2026-09-06 20:27:21,659 | INFO     | routing | [Fase 2] Establecimientos resolutivos: 62 / 2312 totales
2026-09-06 20:27:21,659 | WARNING  | routing | Puntos de demanda (17712) > 5000: aplicando muestreo ESTRATIFICADO POR DISTRITO, ponderado por población (real -censo 1999- donde está disponible; proxy ordinal por CATEGORIA en el resto). Procedimiento: fracción global = max_points/total; dentro de cada distrito se muestrea esa fracción del grupo con probabilidad proporcional al peso poblacional; si el redondeo global excede max_points, se recorta con un muestreo final ponderado.
2026-09-06 20:28:04,111 | INFO     | routing | [Fase 2] Establecimientos resolutivos: 62 / 2312 totales
2026-09-06 20:28:04,111 | WARNING  | routing | Puntos de demanda (17712) > 5000: aplicando muestreo ESTRATIFICADO POR DISTRITO, ponderado por población (real -censo 1999- donde está disponible; proxy ordinal por CATEGORIA en el resto). Procedimiento: fracción global = max_points/total; dentro de cada distrito se muestrea esa fracción del grupo con probabilidad proporcional al peso poblacional; si el redondeo global excede max_points, se recorta con un muestreo final ponderado.
2026-09-06 20:28:04,587 | WARNING  | routing | Muestreo ponderado en el recorte final no es numéricamente viable; se usa muestreo uniforme.
2026-09-06 20:28:04,594 | INFO     | routing | Muestreo estratificado completado: 5000/17712 puntos de demanda seleccionados (28.2%).
2026-09-06 20:28:04,602 | INFO     | routing | [Fase 2] Puntos de demanda a rutear: 5000 (urbanos: 90, 1.8%)
2026-09-06 20:28:08,670 | INFO     | routing | OSRM no disponible en http://localhost:5000 (HTTPConnectionPool(host='localhost', port=5000): Max retries exceeded with url: /nearest/v1/driving/-77.03,-12.05 (Caused by NewConnectionError("HTTPConnection(host='localhost', port=5000): Failed to establish a new connection: [WinError 10061] No se puede establecer una conexión ya que el equipo de destino denegó expresamente dicha conexión"))).
2026-09-06 20:28:08,670 | INFO     | routing | [Fase 2] Motor de ruteo para 'car': OSMnx/NetworkX (fallback automático)
2026-09-06 20:28:08,671 | INFO     | routing | [Fase 2] (1/3) Procesando departamento 'CUSCO'...
2026-09-06 20:28:08,681 | ERROR    | routing | Grafo 'drive' no disponible para CUSCO (El área del bbox (29.82 grados² > umbral 5.0) es impráctica para descargar vía la API pública de Overpass (generaría cientos de sub-consultas y probablemente agotaría el tiempo de espera); este es exactamente el caso de uso para el que OSRM (extractos OSM locales, sin este límite) está documentado como motor primario. Con OSRM no disponible, se usa el fallback Haversine × detour_factor directamente para esta área.); modo car cae 100% a Haversine.
2026-09-06 20:28:09,570 | ERROR    | routing | Grafo 'walk' no disponible para CUSCO (El área del bbox (29.82 grados² > umbral 5.0) es impráctica para descargar vía la API pública de Overpass (generaría cientos de sub-consultas y probablemente agotaría el tiempo de espera); este es exactamente el caso de uso para el que OSRM (extractos OSM locales, sin este límite) está documentado como motor primario. Con OSRM no disponible, se usa el fallback Haversine × detour_factor directamente para esta área.); foot/bike caen 100% a Haversine.
2026-09-06 20:28:10,468 | INFO     | routing | [Fase 2] 'CUSCO' completado en 1.8s
2026-09-06 20:28:10,468 | INFO     | routing | [Fase 2] (2/3) Procesando departamento 'ICA'...
2026-09-06 20:28:10,476 | ERROR    | routing | Grafo 'drive' no disponible para ICA (El área del bbox (12.58 grados² > umbral 5.0) es impráctica para descargar vía la API pública de Overpass (generaría cientos de sub-consultas y probablemente agotaría el tiempo de espera); este es exactamente el caso de uso para el que OSRM (extractos OSM locales, sin este límite) está documentado como motor primario. Con OSRM no disponible, se usa el fallback Haversine × detour_factor directamente para esta área.); modo car cae 100% a Haversine.
2026-09-06 20:28:10,639 | ERROR    | routing | Grafo 'walk' no disponible para ICA (El área del bbox (12.58 grados² > umbral 5.0) es impráctica para descargar vía la API pública de Overpass (generaría cientos de sub-consultas y probablemente agotaría el tiempo de espera); este es exactamente el caso de uso para el que OSRM (extractos OSM locales, sin este límite) está documentado como motor primario. Con OSRM no disponible, se usa el fallback Haversine × detour_factor directamente para esta área.); foot/bike caen 100% a Haversine.
2026-09-06 20:28:10,792 | INFO     | routing | [Fase 2] 'ICA' completado en 0.3s
2026-09-06 20:28:10,792 | INFO     | routing | [Fase 2] (3/3) Procesando departamento 'LORETO'...
2026-09-06 20:28:10,800 | ERROR    | routing | Grafo 'drive' no disponible para LORETO (El área del bbox (97.14 grados² > umbral 5.0) es impráctica para descargar vía la API pública de Overpass (generaría cientos de sub-consultas y probablemente agotaría el tiempo de espera); este es exactamente el caso de uso para el que OSRM (extractos OSM locales, sin este límite) está documentado como motor primario. Con OSRM no disponible, se usa el fallback Haversine × detour_factor directamente para esta área.); modo car cae 100% a Haversine.
2026-09-06 20:28:10,900 | ERROR    | routing | Grafo 'walk' no disponible para LORETO (El área del bbox (97.14 grados² > umbral 5.0) es impráctica para descargar vía la API pública de Overpass (generaría cientos de sub-consultas y probablemente agotaría el tiempo de espera); este es exactamente el caso de uso para el que OSRM (extractos OSM locales, sin este límite) está documentado como motor primario. Con OSRM no disponible, se usa el fallback Haversine × detour_factor directamente para esta área.); foot/bike caen 100% a Haversine.
2026-09-06 20:28:11,057 | INFO     | routing | [Fase 2] 'LORETO' completado en 0.3s
2026-09-06 20:28:11,204 | INFO     | routing | [Fase 2] routing_matrix.parquet exportado: C:\Users\HP\Documents\GitHub\Data-Science-Python\golden_hour\data\processed\routing_matrix.parquet (120195 filas)
2026-09-06 20:28:11,252 | INFO     | routing | [Fase 2] demand_routed.parquet exportado: C:\Users\HP\Documents\GitHub\Data-Science-Python\golden_hour\data\processed\demand_routed.parquet (5000 registros)
2026-09-06 20:28:11,252 | INFO     | routing | [Fase 2] Completa en 7.2s (0.1 min)
2026-09-07 16:35:56,381 | INFO     | routing | [Fase 2] Establecimientos resolutivos: 62 / 2312 totales
2026-09-07 16:35:56,383 | WARNING  | routing | Puntos de demanda (8632) > 5000: aplicando muestreo ESTRATIFICADO POR DISTRITO, ponderado por población real (censo INEI 1999/2002). Procedimiento: fracción global = max_points/total; dentro de cada distrito se muestrea esa fracción del grupo con probabilidad proporcional al peso poblacional; si el redondeo global excede max_points, se recorta con un muestreo final ponderado.
2026-09-07 16:35:56,753 | WARNING  | routing | Muestreo ponderado en el recorte final no es numéricamente viable; se usa muestreo uniforme.
2026-09-07 16:35:56,772 | INFO     | routing | Muestreo estratificado completado: 5000/8632 puntos de demanda seleccionados (57.9%).
2026-09-07 16:35:56,778 | INFO     | routing | [Fase 2] Puntos de demanda a rutear: 5000 (urbanos: 215, 4.3%)
2026-09-07 16:36:00,869 | INFO     | routing | OSRM no disponible en http://localhost:5000 (HTTPConnectionPool(host='localhost', port=5000): Max retries exceeded with url: /nearest/v1/driving/-77.03,-12.05 (Caused by NewConnectionError("HTTPConnection(host='localhost', port=5000): Failed to establish a new connection: [WinError 10061] No se puede establecer una conexión ya que el equipo de destino denegó expresamente dicha conexión"))).
2026-09-07 16:36:00,869 | INFO     | routing | [Fase 2] Motor de ruteo para 'car': OSMnx/NetworkX (fallback automático)
2026-09-07 16:36:00,869 | INFO     | routing | [Fase 2] (1/3) Procesando departamento 'CUSCO'...
2026-09-07 16:36:00,883 | ERROR    | routing | Grafo 'drive' no disponible para CUSCO (El área del bbox (29.37 grados² > umbral 5.0) es impráctica para descargar vía la API pública de Overpass (generaría cientos de sub-consultas y probablemente agotaría el tiempo de espera); este es exactamente el caso de uso para el que OSRM (extractos OSM locales, sin este límite) está documentado como motor primario. Con OSRM no disponible, se usa el fallback Haversine × detour_factor directamente para esta área.); modo car cae 100% a Haversine.
2026-09-07 16:36:01,538 | ERROR    | routing | Grafo 'walk' no disponible para CUSCO (El área del bbox (29.37 grados² > umbral 5.0) es impráctica para descargar vía la API pública de Overpass (generaría cientos de sub-consultas y probablemente agotaría el tiempo de espera); este es exactamente el caso de uso para el que OSRM (extractos OSM locales, sin este límite) está documentado como motor primario. Con OSRM no disponible, se usa el fallback Haversine × detour_factor directamente para esta área.); foot/bike caen 100% a Haversine.
2026-09-07 16:36:02,409 | INFO     | routing | [Fase 2] 'CUSCO' completado en 1.5s
2026-09-07 16:36:02,409 | INFO     | routing | [Fase 2] (2/3) Procesando departamento 'ICA'...
2026-09-07 16:36:02,417 | ERROR    | routing | Grafo 'drive' no disponible para ICA (El área del bbox (12.58 grados² > umbral 5.0) es impráctica para descargar vía la API pública de Overpass (generaría cientos de sub-consultas y probablemente agotaría el tiempo de espera); este es exactamente el caso de uso para el que OSRM (extractos OSM locales, sin este límite) está documentado como motor primario. Con OSRM no disponible, se usa el fallback Haversine × detour_factor directamente para esta área.); modo car cae 100% a Haversine.
2026-09-07 16:36:02,603 | ERROR    | routing | Grafo 'walk' no disponible para ICA (El área del bbox (12.58 grados² > umbral 5.0) es impráctica para descargar vía la API pública de Overpass (generaría cientos de sub-consultas y probablemente agotaría el tiempo de espera); este es exactamente el caso de uso para el que OSRM (extractos OSM locales, sin este límite) está documentado como motor primario. Con OSRM no disponible, se usa el fallback Haversine × detour_factor directamente para esta área.); foot/bike caen 100% a Haversine.
2026-09-07 16:36:02,789 | INFO     | routing | [Fase 2] 'ICA' completado en 0.4s
2026-09-07 16:36:02,789 | INFO     | routing | [Fase 2] (3/3) Procesando departamento 'LORETO'...
2026-09-07 16:36:02,797 | ERROR    | routing | Grafo 'drive' no disponible para LORETO (El área del bbox (97.14 grados² > umbral 5.0) es impráctica para descargar vía la API pública de Overpass (generaría cientos de sub-consultas y probablemente agotaría el tiempo de espera); este es exactamente el caso de uso para el que OSRM (extractos OSM locales, sin este límite) está documentado como motor primario. Con OSRM no disponible, se usa el fallback Haversine × detour_factor directamente para esta área.); modo car cae 100% a Haversine.
2026-09-07 16:36:02,987 | ERROR    | routing | Grafo 'walk' no disponible para LORETO (El área del bbox (97.14 grados² > umbral 5.0) es impráctica para descargar vía la API pública de Overpass (generaría cientos de sub-consultas y probablemente agotaría el tiempo de espera); este es exactamente el caso de uso para el que OSRM (extractos OSM locales, sin este límite) está documentado como motor primario. Con OSRM no disponible, se usa el fallback Haversine × detour_factor directamente para esta área.); foot/bike caen 100% a Haversine.
2026-09-07 16:36:03,290 | INFO     | routing | [Fase 2] 'LORETO' completado en 0.5s
2026-09-07 16:36:03,435 | INFO     | routing | [Fase 2] routing_matrix.parquet exportado: C:\Users\HP\Documents\GitHub\Data-Science-Python\golden_hour\data\processed\routing_matrix.parquet (112064 filas)
2026-09-07 16:36:03,485 | INFO     | routing | [Fase 2] demand_routed.parquet exportado: C:\Users\HP\Documents\GitHub\Data-Science-Python\golden_hour\data\processed\demand_routed.parquet (5000 registros)
2026-09-07 16:36:03,485 | INFO     | routing | [Fase 2] Completa en 7.2s (0.1 min)
2026-09-09 19:04:52,875 | INFO     | routing | Caching estricto: 'routing_matrix.parquet' y 'demand_routed.parquet' ya existen; no se recalculan rutas (bórralos para forzar).
